

================================================================
== Vivado HLS Report for 'B_IO_L2_in_inter_tra'
================================================================
* Date:           Sun Mar 22 14:27:07 2020

* Version:        2019.2 (Build 2698951 on Thu Oct 24 19:15:34 MDT 2019)
* Project:        prj
* Solution:       solution1
* Product family: virtexuplus
* Target device:  xcu200-fsgd2104-2-e


================================================================
== Performance Estimates
================================================================
+ Timing: 
    * Summary: 
    +--------+---------+----------+------------+
    |  Clock |  Target | Estimated| Uncertainty|
    +--------+---------+----------+------------+
    |ap_clk  | 5.00 ns | 2.052 ns |   0.62 ns  |
    +--------+---------+----------+------------+

+ Latency: 
    * Summary: 
    +---------+---------+-----------+-----------+-----+-----+---------+
    |  Latency (cycles) |   Latency (absolute)  |  Interval | Pipeline|
    |   min   |   max   |    min    |    max    | min | max |   Type  |
    +---------+---------+-----------+-----------+-----+-----+---------+
    |        4|        4| 20.000 ns | 20.000 ns |    4|    4|   none  |
    +---------+---------+-----------+-----------+-----+-----+---------+

    + Detail: 
        * Instance: 
        N/A

        * Loop: 
        +----------+---------+---------+----------+-----------+-----------+------+----------+
        |          |  Latency (cycles) | Iteration|  Initiation Interval  | Trip |          |
        | Loop Name|   min   |   max   |  Latency |  achieved |   target  | Count| Pipelined|
        +----------+---------+---------+----------+-----------+-----------+------+----------+
        |- Loop 1  |        2|        2|         2|          1|          1|     2|    yes   |
        +----------+---------+---------+----------+-----------+-----------+------+----------+

============================================================
+ Verbose Summary: Synthesis Manager
============================================================
InlineROM: 1
ExposeGlobal: 0
============================================================
+ Verbose Summary: CDFG Model
============================================================
IsTopModel: 0
ResetActiveHigh: 1
IsCombinational: 0
IsDatapathOnly: 0
HasWiredReturn: 1
HasMFsm: 0
HasVarLatency: 1
IsPipeline: 0
IsRtlPipelined: 0
IsInstanceOverlapped: 0
IsDontTouch: 0
HasImplIP: 0
IsGatedGlobalClock: 0

+ Individual pipeline summary: 
  * Pipeline-0: initiation interval (II) = 1, depth = 2


============================================================
+ Verbose Summary: Schedule
============================================================
* Number of FSM states : 4
* Pipeline : 1
  Pipeline-0 : II = 1, D = 2, States = { 2 3 }
* Dataflow Pipeline: 0

* FSM state transitions: 
1 --> 2 
2 --> 4 3 
3 --> 2 
4 --> 

* FSM state operations: 

State 1 <SV = 0> <Delay = 0.60>
ST_1 : Operation 5 [1/1] (0.00ns)   --->   "call void (...)* @_ssdm_op_SpecInterface(i128* %fifo_B_in_V_V, [8 x i8]* @ap_fifo_str, i32 0, i32 0, [1 x i8]* @p_str168, i32 0, i32 0, [1 x i8]* @p_str169, [1 x i8]* @p_str170, [1 x i8]* @p_str171, i32 2, i32 2, i32 16, i32 16, [1 x i8]* @p_str172, [1 x i8]* @p_str173)"   --->   Operation 5 'specinterface' <Predicate = true> <Delay = 0.00>
ST_1 : Operation 6 [1/1] (0.60ns)   --->   "br label %.preheader.0" [src/kernel_xilinx.cpp:317]   --->   Operation 6 'br' <Predicate = true> <Delay = 0.60>

State 2 <SV = 1> <Delay = 0.34>
ST_2 : Operation 7 [1/1] (0.00ns)   --->   "%c4_0_0 = phi i2 [ %add_ln317, %hls_label_11 ], [ 0, %.preheader13.0 ]" [src/kernel_xilinx.cpp:317]   --->   Operation 7 'phi' 'c4_0_0' <Predicate = true> <Delay = 0.00>
ST_2 : Operation 8 [1/1] (0.34ns)   --->   "%icmp_ln317 = icmp eq i2 %c4_0_0, -2" [src/kernel_xilinx.cpp:317]   --->   Operation 8 'icmp' 'icmp_ln317' <Predicate = true> <Delay = 0.34> <Core = "Cmp">   --->   Core 25 'Cmp' <Latency = 0> <II = 1> <Delay = 0.34> <FuncUnit> <Opcode : 'icmp'> <InPorts = 2> <OutPorts = 1>
ST_2 : Operation 9 [1/1] (0.00ns)   --->   "%empty = call i32 (...)* @_ssdm_op_SpecLoopTripCount(i64 2, i64 2, i64 2)"   --->   Operation 9 'speclooptripcount' 'empty' <Predicate = true> <Delay = 0.00>
ST_2 : Operation 10 [1/1] (0.23ns)   --->   "%add_ln317 = add i2 %c4_0_0, 1" [src/kernel_xilinx.cpp:317]   --->   Operation 10 'add' 'add_ln317' <Predicate = true> <Delay = 0.23> <Core = "AddSub">   --->   Core 14 'AddSub' <Latency = 0> <II = 1> <Delay = 0.23> <FuncUnit> <Opcode : 'add' 'sub'> <InPorts = 2> <OutPorts = 1>
ST_2 : Operation 11 [1/1] (0.00ns)   --->   "br i1 %icmp_ln317, label %.loopexit, label %hls_label_11" [src/kernel_xilinx.cpp:317]   --->   Operation 11 'br' <Predicate = true> <Delay = 0.00>

State 3 <SV = 2> <Delay = 2.05>
ST_3 : Operation 12 [1/1] (0.00ns)   --->   "%tmp = call i32 (...)* @_ssdm_op_SpecRegionBegin([13 x i8]* @p_str13)" [src/kernel_xilinx.cpp:317]   --->   Operation 12 'specregionbegin' 'tmp' <Predicate = (!icmp_ln317)> <Delay = 0.00>
ST_3 : Operation 13 [1/1] (0.00ns)   --->   "call void (...)* @_ssdm_op_SpecPipeline(i32 1, i32 1, i32 1, i32 0, [1 x i8]* @p_str1) nounwind" [src/kernel_xilinx.cpp:318]   --->   Operation 13 'specpipeline' <Predicate = (!icmp_ln317)> <Delay = 0.00>
ST_3 : Operation 14 [1/1] (1.45ns)   --->   "%tmp_V = call i128 @_ssdm_op_Read.ap_fifo.volatile.i128P(i128* %fifo_B_in_V_V)" [src/kernel_xilinx.cpp:321]   --->   Operation 14 'read' 'tmp_V' <Predicate = (!icmp_ln317)> <Delay = 1.45> <Core = "FIFO_SRL">   --->   Core 36 'FIFO_SRL' <Latency = 0> <II = 1> <Delay = 1.45> <Storage> <Opcode : 'read' 'write' 'nbread' 'nbwrite'> <Ports = 0> <Width = 128> <Depth = 0> <FIFO>
ST_3 : Operation 15 [1/1] (0.00ns)   --->   "%zext_ln322 = zext i2 %c4_0_0 to i64" [src/kernel_xilinx.cpp:322]   --->   Operation 15 'zext' 'zext_ln322' <Predicate = (!icmp_ln317)> <Delay = 0.00>
ST_3 : Operation 16 [1/1] (0.00ns)   --->   "%local_B_0_V_addr = getelementptr [2 x i128]* %local_B_0_V, i64 0, i64 %zext_ln322" [src/kernel_xilinx.cpp:322]   --->   Operation 16 'getelementptr' 'local_B_0_V_addr' <Predicate = (!icmp_ln317)> <Delay = 0.00>
ST_3 : Operation 17 [1/1] (0.59ns)   --->   "store i128 %tmp_V, i128* %local_B_0_V_addr, align 16" [src/kernel_xilinx.cpp:322]   --->   Operation 17 'store' <Predicate = (!icmp_ln317)> <Delay = 0.59> <Core = "RAM">   --->   Core 37 'RAM' <Latency = 1> <II = 1> <Delay = 0.59> <Storage> <Opcode : 'load' 'store'> <Ports = 2> <Width = 128> <Depth = 2> <RAM>
ST_3 : Operation 18 [1/1] (0.00ns)   --->   "%empty_105 = call i32 (...)* @_ssdm_op_SpecRegionEnd([13 x i8]* @p_str13, i32 %tmp)" [src/kernel_xilinx.cpp:324]   --->   Operation 18 'specregionend' 'empty_105' <Predicate = (!icmp_ln317)> <Delay = 0.00>
ST_3 : Operation 19 [1/1] (0.00ns)   --->   "br label %.preheader.0" [src/kernel_xilinx.cpp:317]   --->   Operation 19 'br' <Predicate = (!icmp_ln317)> <Delay = 0.00>

State 4 <SV = 2> <Delay = 0.00>
ST_4 : Operation 20 [1/1] (0.00ns)   --->   "ret void" [src/kernel_xilinx.cpp:326]   --->   Operation 20 'ret' <Predicate = true> <Delay = 0.00>


============================================================
+ Verbose Summary: Timing violations
============================================================
Target clock period: 5ns, clock uncertainty: 0.625ns.

 <State 1>: 0.603ns
The critical path consists of the following:
	multiplexor before 'phi' operation ('c4_0_0', src/kernel_xilinx.cpp:317) with incoming values : ('add_ln317', src/kernel_xilinx.cpp:317) [6]  (0.603 ns)

 <State 2>: 0.343ns
The critical path consists of the following:
	'phi' operation ('c4_0_0', src/kernel_xilinx.cpp:317) with incoming values : ('add_ln317', src/kernel_xilinx.cpp:317) [6]  (0 ns)
	'icmp' operation ('icmp_ln317', src/kernel_xilinx.cpp:317) [7]  (0.343 ns)

 <State 3>: 2.05ns
The critical path consists of the following:
	fifo read on port 'fifo_B_in_V_V' (src/kernel_xilinx.cpp:321) [14]  (1.46 ns)
	'store' operation ('store_ln322', src/kernel_xilinx.cpp:322) of variable 'tmp.V', src/kernel_xilinx.cpp:321 on array 'local_B_0_V' [17]  (0.594 ns)

 <State 4>: 0ns
The critical path consists of the following:


============================================================
+ Verbose Summary: Binding
============================================================
N/A
* FSMD analyzer results:
  - Output states:
 - Input state : 
  - Chain level:
	State 1
	State 2
	State 3
	State 4


============================================================
+ Verbose Summary: Datapath Resource usage 
============================================================
N/A
