

================================================================
== Vivado HLS Report for 'B_IO_L2_in_intra_tra'
================================================================
* Date:           Sun Mar 22 14:27:06 2020

* Version:        2019.2 (Build 2698951 on Thu Oct 24 19:15:34 MDT 2019)
* Project:        prj
* Solution:       solution1
* Product family: virtexuplus
* Target device:  xcu200-fsgd2104-2-e


================================================================
== Performance Estimates
================================================================
+ Timing: 
    * Summary: 
    +--------+---------+----------+------------+
    |  Clock |  Target | Estimated| Uncertainty|
    +--------+---------+----------+------------+
    |ap_clk  | 5.00 ns | 2.463 ns |   0.62 ns  |
    +--------+---------+----------+------------+

+ Latency: 
    * Summary: 
    +---------+---------+----------+-----------+-----+-----+---------+
    |  Latency (cycles) |  Latency (absolute)  |  Interval | Pipeline|
    |   min   |   max   |    min   |    max    | min | max |   Type  |
    +---------+---------+----------+-----------+-----+-----+---------+
    |        1|       10| 5.000 ns | 50.000 ns |    1|   10|   none  |
    +---------+---------+----------+-----------+-----+-----+---------+

    + Detail: 
        * Instance: 
        N/A

        * Loop: 
        +----------+---------+---------+----------+-----------+-----------+------+----------+
        |          |  Latency (cycles) | Iteration|  Initiation Interval  | Trip |          |
        | Loop Name|   min   |   max   |  Latency |  achieved |   target  | Count| Pipelined|
        +----------+---------+---------+----------+-----------+-----------+------+----------+
        |- Loop 1  |        8|        8|         2|          1|          1|     8|    yes   |
        +----------+---------+---------+----------+-----------+-----------+------+----------+

============================================================
+ Verbose Summary: Synthesis Manager
============================================================
InlineROM: 1
ExposeGlobal: 0
============================================================
+ Verbose Summary: CDFG Model
============================================================
IsTopModel: 0
ResetActiveHigh: 1
IsCombinational: 0
IsDatapathOnly: 0
HasWiredReturn: 1
HasMFsm: 0
HasVarLatency: 1
IsPipeline: 0
IsRtlPipelined: 0
IsInstanceOverlapped: 0
IsDontTouch: 0
HasImplIP: 0
IsGatedGlobalClock: 0

+ Individual pipeline summary: 
  * Pipeline-0: initiation interval (II) = 1, depth = 2


============================================================
+ Verbose Summary: Schedule
============================================================
* Number of FSM states : 4
* Pipeline : 1
  Pipeline-0 : II = 1, D = 2, States = { 2 3 }
* Dataflow Pipeline: 0

* FSM state transitions: 
1 --> 4 2 
2 --> 4 3 
3 --> 2 
4 --> 

* FSM state operations: 

State 1 <SV = 0> <Delay = 0.60>
ST_1 : Operation 5 [1/1] (0.00ns)   --->   "call void (...)* @_ssdm_op_SpecInterface(i64* %fifo_B_local_out_V_V, [8 x i8]* @ap_fifo_str, i32 0, i32 0, [1 x i8]* @p_str238, i32 0, i32 0, [1 x i8]* @p_str239, [1 x i8]* @p_str240, [1 x i8]* @p_str241, i32 2, i32 2, i32 16, i32 16, [1 x i8]* @p_str242, [1 x i8]* @p_str243)"   --->   Operation 5 'specinterface' <Predicate = true> <Delay = 0.00>
ST_1 : Operation 6 [1/1] (0.00ns)   --->   "%en_read = call i1 @_ssdm_op_Read.ap_auto.i1(i1 %en)" [src/kernel_xilinx.cpp:240]   --->   Operation 6 'read' 'en_read' <Predicate = true> <Delay = 0.00>
ST_1 : Operation 7 [1/1] (0.00ns)   --->   "br i1 %en_read, label %.preheader.preheader, label %.loopexit" [src/kernel_xilinx.cpp:245]   --->   Operation 7 'br' <Predicate = true> <Delay = 0.00>
ST_1 : Operation 8 [1/1] (0.60ns)   --->   "br label %.preheader" [src/kernel_xilinx.cpp:253]   --->   Operation 8 'br' <Predicate = (en_read)> <Delay = 0.60>

State 2 <SV = 1> <Delay = 2.04>
ST_2 : Operation 9 [1/1] (0.00ns)   --->   "%indvar_flatten14 = phi i4 [ %add_ln251, %hls_label_7 ], [ 0, %.preheader.preheader ]" [src/kernel_xilinx.cpp:251]   --->   Operation 9 'phi' 'indvar_flatten14' <Predicate = true> <Delay = 0.00>
ST_2 : Operation 10 [1/1] (0.00ns)   --->   "%c5_0 = phi i2 [ %select_ln321_1, %hls_label_7 ], [ 0, %.preheader.preheader ]" [src/kernel_xilinx.cpp:270]   --->   Operation 10 'phi' 'c5_0' <Predicate = true> <Delay = 0.00>
ST_2 : Operation 11 [1/1] (0.00ns)   --->   "%indvar_flatten = phi i4 [ %select_ln253, %hls_label_7 ], [ 0, %.preheader.preheader ]" [src/kernel_xilinx.cpp:253]   --->   Operation 11 'phi' 'indvar_flatten' <Predicate = true> <Delay = 0.00>
ST_2 : Operation 12 [1/1] (0.00ns)   --->   "%c6_0 = phi i2 [ %select_ln263, %hls_label_7 ], [ 0, %.preheader.preheader ]" [src/kernel_xilinx.cpp:263]   --->   Operation 12 'phi' 'c6_0' <Predicate = true> <Delay = 0.00>
ST_2 : Operation 13 [1/1] (0.00ns)   --->   "%c7_0 = phi i2 [ %c7, %hls_label_7 ], [ 0, %.preheader.preheader ]"   --->   Operation 13 'phi' 'c7_0' <Predicate = true> <Delay = 0.00>
ST_2 : Operation 14 [1/1] (0.65ns)   --->   "%icmp_ln251 = icmp eq i4 %indvar_flatten14, -8" [src/kernel_xilinx.cpp:251]   --->   Operation 14 'icmp' 'icmp_ln251' <Predicate = true> <Delay = 0.65> <Core = "Cmp">   --->   Core 25 'Cmp' <Latency = 0> <II = 1> <Delay = 0.34> <FuncUnit> <Opcode : 'icmp'> <InPorts = 2> <OutPorts = 1>
ST_2 : Operation 15 [1/1] (0.33ns)   --->   "%add_ln251 = add i4 %indvar_flatten14, 1" [src/kernel_xilinx.cpp:251]   --->   Operation 15 'add' 'add_ln251' <Predicate = true> <Delay = 0.33> <Core = "AddSub">   --->   Core 14 'AddSub' <Latency = 0> <II = 1> <Delay = 0.33> <FuncUnit> <Opcode : 'add' 'sub'> <InPorts = 2> <OutPorts = 1>
ST_2 : Operation 16 [1/1] (0.00ns)   --->   "br i1 %icmp_ln251, label %.loopexit.loopexit, label %hls_label_7" [src/kernel_xilinx.cpp:251]   --->   Operation 16 'br' <Predicate = true> <Delay = 0.00>
ST_2 : Operation 17 [1/1] (0.23ns)   --->   "%c5 = add i2 1, %c5_0" [src/kernel_xilinx.cpp:251]   --->   Operation 17 'add' 'c5' <Predicate = (!icmp_ln251)> <Delay = 0.23> <Core = "AddSub">   --->   Core 14 'AddSub' <Latency = 0> <II = 1> <Delay = 0.33> <FuncUnit> <Opcode : 'add' 'sub'> <InPorts = 2> <OutPorts = 1>
ST_2 : Operation 18 [1/1] (0.65ns)   --->   "%icmp_ln253 = icmp eq i4 %indvar_flatten, 4" [src/kernel_xilinx.cpp:253]   --->   Operation 18 'icmp' 'icmp_ln253' <Predicate = (!icmp_ln251)> <Delay = 0.65> <Core = "Cmp">   --->   Core 25 'Cmp' <Latency = 0> <II = 1> <Delay = 0.34> <FuncUnit> <Opcode : 'icmp'> <InPorts = 2> <OutPorts = 1>
ST_2 : Operation 19 [1/1] (0.27ns)   --->   "%select_ln321 = select i1 %icmp_ln253, i2 0, i2 %c6_0" [src/kernel_xilinx.cpp:270]   --->   Operation 19 'select' 'select_ln321' <Predicate = (!icmp_ln251)> <Delay = 0.27> <Core = "Sel">   --->   Core 26 'Sel' <Latency = 0> <II = 1> <Delay = 0.35> <FuncUnit> <Opcode : 'select'> <InPorts = 3> <OutPorts = 1>
ST_2 : Operation 20 [1/1] (0.27ns)   --->   "%select_ln321_1 = select i1 %icmp_ln253, i2 %c5, i2 %c5_0" [src/kernel_xilinx.cpp:270]   --->   Operation 20 'select' 'select_ln321_1' <Predicate = (!icmp_ln251)> <Delay = 0.27> <Core = "Sel">   --->   Core 26 'Sel' <Latency = 0> <II = 1> <Delay = 0.35> <FuncUnit> <Opcode : 'select'> <InPorts = 3> <OutPorts = 1>
ST_2 : Operation 21 [1/1] (0.00ns)   --->   "%trunc_ln321 = trunc i2 %select_ln321_1 to i1" [src/kernel_xilinx.cpp:270]   --->   Operation 21 'trunc' 'trunc_ln321' <Predicate = (!icmp_ln251)> <Delay = 0.00>
ST_2 : Operation 22 [1/1] (0.00ns) (grouped into LUT with out node and_ln321)   --->   "%xor_ln321 = xor i1 %icmp_ln253, true" [src/kernel_xilinx.cpp:270]   --->   Operation 22 'xor' 'xor_ln321' <Predicate = (!icmp_ln251)> <Delay = 0.00> <Core = "LogicGate">   --->   Core 27 'LogicGate' <Latency = 0> <II = 1> <Delay = 0.12> <FuncUnit> <Opcode : 'and' 'or' 'xor'> <InPorts = 2> <OutPorts = 1>
ST_2 : Operation 23 [1/1] (0.34ns)   --->   "%icmp_ln255 = icmp eq i2 %c7_0, -2" [src/kernel_xilinx.cpp:255]   --->   Operation 23 'icmp' 'icmp_ln255' <Predicate = (!icmp_ln251)> <Delay = 0.34> <Core = "Cmp">   --->   Core 25 'Cmp' <Latency = 0> <II = 1> <Delay = 0.34> <FuncUnit> <Opcode : 'icmp'> <InPorts = 2> <OutPorts = 1>
ST_2 : Operation 24 [1/1] (0.12ns) (out node of the LUT)   --->   "%and_ln321 = and i1 %icmp_ln255, %xor_ln321" [src/kernel_xilinx.cpp:270]   --->   Operation 24 'and' 'and_ln321' <Predicate = (!icmp_ln251)> <Delay = 0.12> <Core = "LogicGate">   --->   Core 27 'LogicGate' <Latency = 0> <II = 1> <Delay = 0.12> <FuncUnit> <Opcode : 'and' 'or' 'xor'> <InPorts = 2> <OutPorts = 1>
ST_2 : Operation 25 [1/1] (0.23ns)   --->   "%c6 = add i2 1, %select_ln321" [src/kernel_xilinx.cpp:253]   --->   Operation 25 'add' 'c6' <Predicate = (!icmp_ln251)> <Delay = 0.23> <Core = "AddSub">   --->   Core 14 'AddSub' <Latency = 0> <II = 1> <Delay = 0.33> <FuncUnit> <Opcode : 'add' 'sub'> <InPorts = 2> <OutPorts = 1>
ST_2 : Operation 26 [1/1] (0.27ns)   --->   "%select_ln263 = select i1 %and_ln321, i2 %c6, i2 %select_ln321" [src/kernel_xilinx.cpp:263]   --->   Operation 26 'select' 'select_ln263' <Predicate = (!icmp_ln251)> <Delay = 0.27> <Core = "Sel">   --->   Core 26 'Sel' <Latency = 0> <II = 1> <Delay = 0.35> <FuncUnit> <Opcode : 'select'> <InPorts = 3> <OutPorts = 1>
ST_2 : Operation 27 [1/1] (0.00ns)   --->   "%zext_ln263 = zext i2 %select_ln263 to i64" [src/kernel_xilinx.cpp:263]   --->   Operation 27 'zext' 'zext_ln263' <Predicate = (!icmp_ln251)> <Delay = 0.00>
ST_2 : Operation 28 [1/1] (0.00ns)   --->   "%local_B_0_V_addr = getelementptr [2 x i128]* %local_B_0_V, i64 0, i64 %zext_ln263" [src/kernel_xilinx.cpp:263]   --->   Operation 28 'getelementptr' 'local_B_0_V_addr' <Predicate = (!icmp_ln251)> <Delay = 0.00>
ST_2 : Operation 29 [2/2] (0.59ns)   --->   "%buf_data_V = load i128* %local_B_0_V_addr, align 16" [src/kernel_xilinx.cpp:263]   --->   Operation 29 'load' 'buf_data_V' <Predicate = (!icmp_ln251)> <Delay = 0.59> <Core = "RAM">   --->   Core 37 'RAM' <Latency = 1> <II = 1> <Delay = 0.59> <Storage> <Opcode : 'load' 'store'> <Ports = 2> <Width = 128> <Depth = 2> <RAM>
ST_2 : Operation 30 [1/1] (0.23ns)   --->   "%add_ln255 = add i2 1, %c7_0" [src/kernel_xilinx.cpp:255]   --->   Operation 30 'add' 'add_ln255' <Predicate = (!icmp_ln251)> <Delay = 0.23> <Core = "AddSub">   --->   Core 14 'AddSub' <Latency = 0> <II = 1> <Delay = 0.33> <FuncUnit> <Opcode : 'add' 'sub'> <InPorts = 2> <OutPorts = 1>
ST_2 : Operation 31 [1/1] (0.00ns) (grouped into LUT with out node c7)   --->   "%or_ln255 = or i1 %and_ln321, %icmp_ln253" [src/kernel_xilinx.cpp:255]   --->   Operation 31 'or' 'or_ln255' <Predicate = (!icmp_ln251)> <Delay = 0.00> <Core = "LogicGate">   --->   Core 27 'LogicGate' <Latency = 0> <II = 1> <Delay = 0.12> <FuncUnit> <Opcode : 'and' 'or' 'xor'> <InPorts = 2> <OutPorts = 1>
ST_2 : Operation 32 [1/1] (0.27ns) (out node of the LUT)   --->   "%c7 = select i1 %or_ln255, i2 1, i2 %add_ln255" [src/kernel_xilinx.cpp:255]   --->   Operation 32 'select' 'c7' <Predicate = (!icmp_ln251)> <Delay = 0.27> <Core = "Sel">   --->   Core 26 'Sel' <Latency = 0> <II = 1> <Delay = 0.35> <FuncUnit> <Opcode : 'select'> <InPorts = 3> <OutPorts = 1>
ST_2 : Operation 33 [1/1] (0.33ns)   --->   "%add_ln253_1 = add i4 1, %indvar_flatten" [src/kernel_xilinx.cpp:253]   --->   Operation 33 'add' 'add_ln253_1' <Predicate = (!icmp_ln251)> <Delay = 0.33> <Core = "AddSub">   --->   Core 14 'AddSub' <Latency = 0> <II = 1> <Delay = 0.33> <FuncUnit> <Opcode : 'add' 'sub'> <InPorts = 2> <OutPorts = 1>
ST_2 : Operation 34 [1/1] (0.35ns)   --->   "%select_ln253 = select i1 %icmp_ln253, i4 1, i4 %add_ln253_1" [src/kernel_xilinx.cpp:253]   --->   Operation 34 'select' 'select_ln253' <Predicate = (!icmp_ln251)> <Delay = 0.35> <Core = "Sel">   --->   Core 26 'Sel' <Latency = 0> <II = 1> <Delay = 0.35> <FuncUnit> <Opcode : 'select'> <InPorts = 3> <OutPorts = 1>

State 3 <SV = 2> <Delay = 2.46>
ST_3 : Operation 35 [1/1] (0.00ns)   --->   "%empty = call i32 (...)* @_ssdm_op_SpecLoopTripCount(i64 8, i64 8, i64 8)"   --->   Operation 35 'speclooptripcount' 'empty' <Predicate = (!icmp_ln251)> <Delay = 0.00>
ST_3 : Operation 36 [1/1] (0.00ns)   --->   "%tmp = call i32 (...)* @_ssdm_op_SpecRegionBegin([12 x i8]* @p_str9)" [src/kernel_xilinx.cpp:255]   --->   Operation 36 'specregionbegin' 'tmp' <Predicate = (!icmp_ln251)> <Delay = 0.00>
ST_3 : Operation 37 [1/1] (0.00ns)   --->   "call void (...)* @_ssdm_op_SpecPipeline(i32 1, i32 1, i32 1, i32 0, [1 x i8]* @p_str1) nounwind" [src/kernel_xilinx.cpp:257]   --->   Operation 37 'specpipeline' <Predicate = (!icmp_ln251)> <Delay = 0.00>
ST_3 : Operation 38 [1/2] (0.59ns)   --->   "%buf_data_V = load i128* %local_B_0_V_addr, align 16" [src/kernel_xilinx.cpp:263]   --->   Operation 38 'load' 'buf_data_V' <Predicate = (!icmp_ln251)> <Delay = 0.59> <Core = "RAM">   --->   Core 37 'RAM' <Latency = 1> <II = 1> <Delay = 0.59> <Storage> <Opcode : 'load' 'store'> <Ports = 2> <Width = 128> <Depth = 2> <RAM>
ST_3 : Operation 39 [1/1] (0.00ns)   --->   "%buf_data_split_0_V = trunc i128 %buf_data_V to i64" [src/kernel_xilinx.cpp:266]   --->   Operation 39 'trunc' 'buf_data_split_0_V' <Predicate = (!icmp_ln251 & !trunc_ln321)> <Delay = 0.00>
ST_3 : Operation 40 [1/1] (0.00ns)   --->   "%buf_data_split_1_V = call i64 @_ssdm_op_PartSelect.i64.i128.i32.i32(i128 %buf_data_V, i32 64, i32 127)" [src/kernel_xilinx.cpp:266]   --->   Operation 40 'partselect' 'buf_data_split_1_V' <Predicate = (!icmp_ln251 & trunc_ln321)> <Delay = 0.00>
ST_3 : Operation 41 [1/1] (0.41ns)   --->   "%fifo_data_V = select i1 %trunc_ln321, i64 %buf_data_split_1_V, i64 %buf_data_split_0_V" [src/kernel_xilinx.cpp:270]   --->   Operation 41 'select' 'fifo_data_V' <Predicate = (!icmp_ln251)> <Delay = 0.41> <Core = "Sel">   --->   Core 26 'Sel' <Latency = 0> <II = 1> <Delay = 0.35> <FuncUnit> <Opcode : 'select'> <InPorts = 3> <OutPorts = 1>
ST_3 : Operation 42 [1/1] (1.45ns)   --->   "call void @_ssdm_op_Write.ap_fifo.volatile.i64P(i64* %fifo_B_local_out_V_V, i64 %fifo_data_V)" [src/kernel_xilinx.cpp:271]   --->   Operation 42 'write' <Predicate = (!icmp_ln251)> <Delay = 1.45> <Core = "FIFO_SRL">   --->   Core 36 'FIFO_SRL' <Latency = 0> <II = 1> <Delay = 1.45> <Storage> <Opcode : 'read' 'write' 'nbread' 'nbwrite'> <Ports = 0> <Width = 64> <Depth = 0> <FIFO>
ST_3 : Operation 43 [1/1] (0.00ns)   --->   "%empty_103 = call i32 (...)* @_ssdm_op_SpecRegionEnd([12 x i8]* @p_str9, i32 %tmp)" [src/kernel_xilinx.cpp:273]   --->   Operation 43 'specregionend' 'empty_103' <Predicate = (!icmp_ln251)> <Delay = 0.00>
ST_3 : Operation 44 [1/1] (0.00ns)   --->   "br label %.preheader" [src/kernel_xilinx.cpp:255]   --->   Operation 44 'br' <Predicate = (!icmp_ln251)> <Delay = 0.00>

State 4 <SV = 2> <Delay = 0.00>
ST_4 : Operation 45 [1/1] (0.00ns)   --->   "br label %.loopexit"   --->   Operation 45 'br' <Predicate = (en_read)> <Delay = 0.00>
ST_4 : Operation 46 [1/1] (0.00ns)   --->   "ret void" [src/kernel_xilinx.cpp:276]   --->   Operation 46 'ret' <Predicate = true> <Delay = 0.00>


============================================================
+ Verbose Summary: Timing violations
============================================================
Target clock period: 5ns, clock uncertainty: 0.625ns.

 <State 1>: 0.603ns
The critical path consists of the following:
	multiplexor before 'phi' operation ('indvar_flatten14', src/kernel_xilinx.cpp:251) with incoming values : ('add_ln251', src/kernel_xilinx.cpp:251) [10]  (0.603 ns)

 <State 2>: 2.04ns
The critical path consists of the following:
	'phi' operation ('indvar_flatten', src/kernel_xilinx.cpp:253) with incoming values : ('select_ln253', src/kernel_xilinx.cpp:253) [12]  (0 ns)
	'icmp' operation ('icmp_ln253', src/kernel_xilinx.cpp:253) [21]  (0.656 ns)
	'select' operation ('select_ln321', src/kernel_xilinx.cpp:270) [22]  (0.278 ns)
	'add' operation ('c6', src/kernel_xilinx.cpp:253) [28]  (0.234 ns)
	'select' operation ('select_ln263', src/kernel_xilinx.cpp:263) [29]  (0.278 ns)
	'getelementptr' operation ('local_B_0_V_addr', src/kernel_xilinx.cpp:263) [33]  (0 ns)
	'load' operation ('buf_data.V', src/kernel_xilinx.cpp:263) on array 'local_B_0_V' [34]  (0.594 ns)

 <State 3>: 2.46ns
The critical path consists of the following:
	'load' operation ('buf_data.V', src/kernel_xilinx.cpp:263) on array 'local_B_0_V' [34]  (0.594 ns)
	'select' operation ('fifo_data.V', src/kernel_xilinx.cpp:270) [37]  (0.411 ns)
	fifo write on port 'fifo_B_local_out_V_V' (src/kernel_xilinx.cpp:271) [38]  (1.46 ns)

 <State 4>: 0ns
The critical path consists of the following:


============================================================
+ Verbose Summary: Binding
============================================================
N/A
* FSMD analyzer results:
  - Output states:
 - Input state : 
  - Chain level:
	State 1
	State 2
	State 3
	State 4


============================================================
+ Verbose Summary: Datapath Resource usage 
============================================================
N/A
