

================================================================
== Vivado HLS Report for 'C_drain_IO_L1_out_in_1'
================================================================
* Date:           Sun Mar 22 14:27:16 2020

* Version:        2019.2 (Build 2698951 on Thu Oct 24 19:15:34 MDT 2019)
* Project:        prj
* Solution:       solution1
* Product family: virtexuplus
* Target device:  xcu200-fsgd2104-2-e


================================================================
== Performance Estimates
================================================================
+ Timing: 
    * Summary: 
    +--------+---------+----------+------------+
    |  Clock |  Target | Estimated| Uncertainty|
    +--------+---------+----------+------------+
    |ap_clk  | 5.00 ns | 2.052 ns |   0.62 ns  |
    +--------+---------+----------+------------+

+ Latency: 
    * Summary: 
    +---------+---------+----------+-----------+-----+-----+---------+
    |  Latency (cycles) |  Latency (absolute)  |  Interval | Pipeline|
    |   min   |   max   |    min   |    max    | min | max |   Type  |
    +---------+---------+----------+-----------+-----+-----+---------+
    |        1|        4| 5.000 ns | 20.000 ns |    1|    4|   none  |
    +---------+---------+----------+-----------+-----+-----+---------+

    + Detail: 
        * Instance: 
        N/A

        * Loop: 
        +----------+---------+---------+----------+-----------+-----------+------+----------+
        |          |  Latency (cycles) | Iteration|  Initiation Interval  | Trip |          |
        | Loop Name|   min   |   max   |  Latency |  achieved |   target  | Count| Pipelined|
        +----------+---------+---------+----------+-----------+-----------+------+----------+
        |- Loop 1  |        2|        2|         2|          1|          1|     2|    yes   |
        +----------+---------+---------+----------+-----------+-----------+------+----------+

============================================================
+ Verbose Summary: Synthesis Manager
============================================================
InlineROM: 1
ExposeGlobal: 0
============================================================
+ Verbose Summary: CDFG Model
============================================================
IsTopModel: 0
ResetActiveHigh: 1
IsCombinational: 0
IsDatapathOnly: 0
HasWiredReturn: 1
HasMFsm: 0
HasVarLatency: 1
IsPipeline: 0
IsRtlPipelined: 0
IsInstanceOverlapped: 0
IsDontTouch: 0
HasImplIP: 0
IsGatedGlobalClock: 0

+ Individual pipeline summary: 
  * Pipeline-0: initiation interval (II) = 1, depth = 2


============================================================
+ Verbose Summary: Schedule
============================================================
* Number of FSM states : 4
* Pipeline : 1
  Pipeline-0 : II = 1, D = 2, States = { 2 3 }
* Dataflow Pipeline: 0

* FSM state transitions: 
1 --> 4 2 
2 --> 4 3 
3 --> 2 
4 --> 

* FSM state operations: 

State 1 <SV = 0> <Delay = 0.60>
ST_1 : Operation 5 [1/1] (0.00ns)   --->   "call void (...)* @_ssdm_op_SpecInterface(i64* %fifo_C_drain_out_V_V, [8 x i8]* @ap_fifo_str, i32 0, i32 0, [1 x i8]* @p_str301, i32 0, i32 0, [1 x i8]* @p_str302, [1 x i8]* @p_str303, [1 x i8]* @p_str304, i32 2, i32 2, i32 16, i32 16, [1 x i8]* @p_str305, [1 x i8]* @p_str306)"   --->   Operation 5 'specinterface' <Predicate = true> <Delay = 0.00>
ST_1 : Operation 6 [1/1] (0.00ns)   --->   "%en_read = call i1 @_ssdm_op_Read.ap_auto.i1(i1 %en)" [src/kernel_xilinx.cpp:629]   --->   Operation 6 'read' 'en_read' <Predicate = true> <Delay = 0.00>
ST_1 : Operation 7 [1/1] (0.00ns)   --->   "br i1 %en_read, label %.preheader.0.preheader, label %.loopexit" [src/kernel_xilinx.cpp:634]   --->   Operation 7 'br' <Predicate = true> <Delay = 0.00>
ST_1 : Operation 8 [1/1] (0.60ns)   --->   "br label %.preheader.0" [src/kernel_xilinx.cpp:639]   --->   Operation 8 'br' <Predicate = (en_read)> <Delay = 0.60>

State 2 <SV = 1> <Delay = 0.59>
ST_2 : Operation 9 [1/1] (0.00ns)   --->   "%c5_0_0 = phi i2 [ %add_ln639, %hls_label_23 ], [ 0, %.preheader.0.preheader ]" [src/kernel_xilinx.cpp:639]   --->   Operation 9 'phi' 'c5_0_0' <Predicate = true> <Delay = 0.00>
ST_2 : Operation 10 [1/1] (0.34ns)   --->   "%icmp_ln639 = icmp eq i2 %c5_0_0, -2" [src/kernel_xilinx.cpp:639]   --->   Operation 10 'icmp' 'icmp_ln639' <Predicate = true> <Delay = 0.34> <Core = "Cmp">   --->   Core 25 'Cmp' <Latency = 0> <II = 1> <Delay = 0.34> <FuncUnit> <Opcode : 'icmp'> <InPorts = 2> <OutPorts = 1>
ST_2 : Operation 11 [1/1] (0.00ns)   --->   "%empty = call i32 (...)* @_ssdm_op_SpecLoopTripCount(i64 2, i64 2, i64 2)"   --->   Operation 11 'speclooptripcount' 'empty' <Predicate = true> <Delay = 0.00>
ST_2 : Operation 12 [1/1] (0.23ns)   --->   "%add_ln639 = add i2 %c5_0_0, 1" [src/kernel_xilinx.cpp:639]   --->   Operation 12 'add' 'add_ln639' <Predicate = true> <Delay = 0.23> <Core = "AddSub">   --->   Core 14 'AddSub' <Latency = 0> <II = 1> <Delay = 0.23> <FuncUnit> <Opcode : 'add' 'sub'> <InPorts = 2> <OutPorts = 1>
ST_2 : Operation 13 [1/1] (0.00ns)   --->   "br i1 %icmp_ln639, label %.loopexit.loopexit, label %hls_label_23" [src/kernel_xilinx.cpp:639]   --->   Operation 13 'br' <Predicate = true> <Delay = 0.00>
ST_2 : Operation 14 [1/1] (0.00ns)   --->   "%zext_ln643 = zext i2 %c5_0_0 to i64" [src/kernel_xilinx.cpp:643]   --->   Operation 14 'zext' 'zext_ln643' <Predicate = (!icmp_ln639)> <Delay = 0.00>
ST_2 : Operation 15 [1/1] (0.00ns)   --->   "%local_C_0_V_addr = getelementptr [2 x i64]* %local_C_0_V, i64 0, i64 %zext_ln643" [src/kernel_xilinx.cpp:643]   --->   Operation 15 'getelementptr' 'local_C_0_V_addr' <Predicate = (!icmp_ln639)> <Delay = 0.00>
ST_2 : Operation 16 [2/2] (0.59ns)   --->   "%tmp_V = load i64* %local_C_0_V_addr, align 8" [src/kernel_xilinx.cpp:643]   --->   Operation 16 'load' 'tmp_V' <Predicate = (!icmp_ln639)> <Delay = 0.59> <Core = "RAM">   --->   Core 37 'RAM' <Latency = 1> <II = 1> <Delay = 0.59> <Storage> <Opcode : 'load' 'store'> <Ports = 2> <Width = 64> <Depth = 2> <RAM>

State 3 <SV = 2> <Delay = 2.05>
ST_3 : Operation 17 [1/1] (0.00ns)   --->   "%tmp = call i32 (...)* @_ssdm_op_SpecRegionBegin([13 x i8]* @p_str26)" [src/kernel_xilinx.cpp:639]   --->   Operation 17 'specregionbegin' 'tmp' <Predicate = (!icmp_ln639)> <Delay = 0.00>
ST_3 : Operation 18 [1/1] (0.00ns)   --->   "call void (...)* @_ssdm_op_SpecPipeline(i32 1, i32 1, i32 1, i32 0, [1 x i8]* @p_str1) nounwind" [src/kernel_xilinx.cpp:640]   --->   Operation 18 'specpipeline' <Predicate = (!icmp_ln639)> <Delay = 0.00>
ST_3 : Operation 19 [1/2] (0.59ns)   --->   "%tmp_V = load i64* %local_C_0_V_addr, align 8" [src/kernel_xilinx.cpp:643]   --->   Operation 19 'load' 'tmp_V' <Predicate = (!icmp_ln639)> <Delay = 0.59> <Core = "RAM">   --->   Core 37 'RAM' <Latency = 1> <II = 1> <Delay = 0.59> <Storage> <Opcode : 'load' 'store'> <Ports = 2> <Width = 64> <Depth = 2> <RAM>
ST_3 : Operation 20 [1/1] (1.45ns)   --->   "call void @_ssdm_op_Write.ap_fifo.volatile.i64P(i64* %fifo_C_drain_out_V_V, i64 %tmp_V)" [src/kernel_xilinx.cpp:644]   --->   Operation 20 'write' <Predicate = (!icmp_ln639)> <Delay = 1.45> <Core = "FIFO_SRL">   --->   Core 36 'FIFO_SRL' <Latency = 0> <II = 1> <Delay = 1.45> <Storage> <Opcode : 'read' 'write' 'nbread' 'nbwrite'> <Ports = 0> <Width = 64> <Depth = 0> <FIFO>
ST_3 : Operation 21 [1/1] (0.00ns)   --->   "%empty_94 = call i32 (...)* @_ssdm_op_SpecRegionEnd([13 x i8]* @p_str26, i32 %tmp)" [src/kernel_xilinx.cpp:646]   --->   Operation 21 'specregionend' 'empty_94' <Predicate = (!icmp_ln639)> <Delay = 0.00>
ST_3 : Operation 22 [1/1] (0.00ns)   --->   "br label %.preheader.0" [src/kernel_xilinx.cpp:639]   --->   Operation 22 'br' <Predicate = (!icmp_ln639)> <Delay = 0.00>

State 4 <SV = 2> <Delay = 0.00>
ST_4 : Operation 23 [1/1] (0.00ns)   --->   "br label %.loopexit"   --->   Operation 23 'br' <Predicate = (en_read)> <Delay = 0.00>
ST_4 : Operation 24 [1/1] (0.00ns)   --->   "ret void" [src/kernel_xilinx.cpp:648]   --->   Operation 24 'ret' <Predicate = true> <Delay = 0.00>


============================================================
+ Verbose Summary: Timing violations
============================================================
Target clock period: 5ns, clock uncertainty: 0.625ns.

 <State 1>: 0.603ns
The critical path consists of the following:
	multiplexor before 'phi' operation ('c5_0_0', src/kernel_xilinx.cpp:639) with incoming values : ('add_ln639', src/kernel_xilinx.cpp:639) [10]  (0.603 ns)

 <State 2>: 0.594ns
The critical path consists of the following:
	'phi' operation ('c5_0_0', src/kernel_xilinx.cpp:639) with incoming values : ('add_ln639', src/kernel_xilinx.cpp:639) [10]  (0 ns)
	'getelementptr' operation ('local_C_0_V_addr', src/kernel_xilinx.cpp:643) [19]  (0 ns)
	'load' operation ('tmp.V', src/kernel_xilinx.cpp:643) on array 'local_C_0_V' [20]  (0.594 ns)

 <State 3>: 2.05ns
The critical path consists of the following:
	'load' operation ('tmp.V', src/kernel_xilinx.cpp:643) on array 'local_C_0_V' [20]  (0.594 ns)
	fifo write on port 'fifo_C_drain_out_V_V' (src/kernel_xilinx.cpp:644) [21]  (1.46 ns)

 <State 4>: 0ns
The critical path consists of the following:


============================================================
+ Verbose Summary: Binding
============================================================
N/A
* FSMD analyzer results:
  - Output states:
 - Input state : 
  - Chain level:
	State 1
	State 2
	State 3
	State 4


============================================================
+ Verbose Summary: Datapath Resource usage 
============================================================
N/A
