#-----------------------------------------------------------
# Webtalk v2019.2 (64-bit)
# SW Build 2700185 on Thu Oct 24 18:45:48 MDT 2019
# IP Build 2699827 on Thu Oct 24 21:16:38 MDT 2019
# Start of session at: Sun Mar 22 14:29:34 2020
# Process ID: 1604476
# Current directory: /curr/jaywang/research/systolic_compile/ppcg/polysa/hls_tests/gemm/hls_prj/prj/solution1/sim/verilog
# Command line: wbtcv -mode batch -source /curr/jaywang/research/systolic_compile/ppcg/polysa/hls_tests/gemm/hls_prj/prj/solution1/sim/verilog/xsim.dir/kernel0/webtalk/xsim_webtalk.tcl -notrace
# Log file: /curr/jaywang/research/systolic_compile/ppcg/polysa/hls_tests/gemm/hls_prj/prj/solution1/sim/verilog/webtalk.log
# Journal file: /curr/jaywang/research/systolic_compile/ppcg/polysa/hls_tests/gemm/hls_prj/prj/solution1/sim/verilog/webtalk.jou
#-----------------------------------------------------------
source /curr/jaywang/research/systolic_compile/ppcg/polysa/hls_tests/gemm/hls_prj/prj/solution1/sim/verilog/xsim.dir/kernel0/webtalk/xsim_webtalk.tcl -notrace
